// Vitest Snapshot v1, https://vitest.dev/guide/snapshot.html

exports[`getTokenBalanceHandler > should return a list of assets 1`] = `
{
  "assets": [
    {
      "description": "New range of formal shirts are designed keeping you in mind. With fits and styling that will make you stand apart",
      "id": "9e834d8e-58e5-4c10-adad-7426e48117f4",
      "image": null,
      "name": "Practical Wooden Ball",
      "symbol": "UNB",
    },
    {
      "description": "The Apollotech B340 is an affordable wireless mouse with reliable connectivity, 12 months battery life and modern design",
      "id": "dcaa170f-2189-4745-a6ce-d47a41ef27d0",
      "image": null,
      "name": "Licensed Concrete Fish",
      "symbol": "AWE",
    },
    {
      "description": "The Football Is Good For Training And Recreational Purposes",
      "id": "fd02d516-d3ad-4894-8cb6-932db5408464",
      "image": null,
      "name": "Refined Frozen Ball",
      "symbol": "TAS",
    },
    {
      "description": "The slim & simple Maple Gaming Keyboard from Dev Byte comes with a sleek body and 7- Color RGB LED Back-lighting for smart functionality",
      "id": "964d4e74-c94a-48db-8d72-70566658cb56",
      "image": null,
      "name": "Refined Fresh Shirt",
      "symbol": "RUS",
    },
    {
      "description": "Ergonomic executive chair upholstered in bonded black leather and PVC padded seat and back for all-day comfort and support",
      "id": "c4fd8f4b-d821-42a6-85e7-15f3ca0f1a2f",
      "image": null,
      "name": "Handcrafted Wooden Gloves",
      "symbol": "GEN",
    },
    {
      "description": "The slim & simple Maple Gaming Keyboard from Dev Byte comes with a sleek body and 7- Color RGB LED Back-lighting for smart functionality",
      "id": "a62dbbda-abef-4b73-a50e-6910dee76cbd",
      "image": null,
      "name": "Rustic Concrete Chips",
      "symbol": "LIC",
    },
    {
      "description": "The beautiful range of Apple Natural√© that has an exciting mix of natural ingredients. With the Goodness of 100% Natural Ingredients",
      "id": "2919c4bb-e5b1-4909-aec3-e5963c7fdfc9",
      "image": null,
      "name": "Generic Rubber Sausages",
      "symbol": "HAN",
    },
    {
      "description": "Carbonite web goalkeeper gloves are ergonomically designed to give easy fit",
      "id": "9692b271-f33a-4409-a78b-4432821048e4",
      "image": null,
      "name": "Sleek Wooden Bacon",
      "symbol": "AWE",
    },
    {
      "description": "Bostons most advanced compression wear technology increases muscle oxygenation, stabilizes active muscles",
      "id": "646815a5-dd44-4f9f-b722-ac277f139b0b",
      "image": null,
      "name": "Rustic Soft Ball",
      "symbol": "RUS",
    },
    {
      "description": "New range of formal shirts are designed keeping you in mind. With fits and styling that will make you stand apart",
      "id": "86974372-c6c7-4e65-8c79-3c23f92d3e7e",
      "image": null,
      "name": "Handmade Frozen Salad",
      "symbol": "INC",
    },
  ],
  "ownerAddress": "3c4dfb0c-f84d-41ea-ac6d-be433685d544",
  "tokenAccounts": [
    {
      "address": "3c4dfb0c-f84d-41ea-ac6d-be433685d544",
      "amount": 906466,
      "mint": "17f4a3c0-badc-4a17-8f21-89174526ced4",
    },
    {
      "address": "4cb6932d-b540-4464-b66e-b6964d4e74c9",
      "amount": 290423,
      "mint": "4bd821d2-a605-4715-b3ca-0f1a2f725144",
    },
    {
      "address": "f688dd29-19c4-4be5-b1e9-096ec3e5963c",
      "amount": 498798,
      "mint": "32821048-e405-4c14-a468-15a5dd445f9f",
    },
    {
      "address": "c78e650c-793c-43f9-ad3e-7e59d645c6c2",
      "amount": 741975,
      "mint": "352c0bb8-ab6d-4f46-8dd8-554d99d4a1a1",
    },
    {
      "address": "653cfe42-e62a-4d68-8c64-f507e3384624",
      "amount": 599623,
      "mint": "0a4ebaa4-97a4-4fc8-a90e-70ae24c17ece",
    },
    {
      "address": "96092c68-cb6d-40f2-9cbe-e2b393adfc17",
      "amount": 418322,
      "mint": "5b85dafd-df63-4696-8b02-5ed0ca7bbed7",
    },
    {
      "address": "0b110e8f-87b9-4990-8de4-0ec34c74a091",
      "amount": 155566,
      "mint": "b4622e48-1afa-44ae-be94-d19be7b39336",
    },
    {
      "address": "0e82c196-ce91-4fb4-86dd-be60ac6bce66",
      "amount": 525454,
      "mint": "85645e43-bd3f-49df-885d-8eee9e89d595",
    },
    {
      "address": "71ff1785-8ddb-4314-bb89-f4ecf04cf20e",
      "amount": 612304,
      "mint": "9bac24ee-d28d-4fd1-9727-ff524106e523",
    },
    {
      "address": "c82d3f3c-4a40-45ac-8da9-76c09db29be3",
      "amount": 4038,
      "mint": "ac1cd6bc-f3e1-4ab7-82ba-2d25cf63e63d",
    },
  ],
  "total": 10,
}
`;
